<html>
<body>
<pre>
<h1>礦ision Build Log</h1>
<h2>Tool Versions:</h2>
IDE-Version: μVision V5.37.0.0
Copyright (C) 2022 ARM Ltd and ARM Germany GmbH. All rights reserved.
License Information: 1 Administrator, 1, LIC=ATTQ1-C1EBC-BSZYX-HQ4UJ-X7RGN-QIRAM
 
Tool Versions:
Toolchain:       MDK-ARM Plus  Version: 5.37.0.0
Toolchain Path:  C:\Keil_v5\ARM\ARMCC\Bin
C Compiler:      Armcc.exe V5.06 update 4 (build 422)
Assembler:       Armasm.exe V5.06 update 4 (build 422)
Linker/Locator:  ArmLink.exe V5.06 update 4 (build 422)
Library Manager: ArmAr.exe V5.06 update 4 (build 422)
Hex Converter:   FromElf.exe V5.06 update 4 (build 422)
CPU DLL:         SARMCM3.DLL V5.37.0.0
Dialog DLL:      DCM.DLL V1.17.5.0
Target DLL:      CMSIS_AGDI.dll V1.33.12.0
Dialog DLL:      TCM.DLL V1.56.1.0
 
<h2>Project:</h2>
C:\Users\Administrator\Desktop\飞翼电气\22赛季FWT_ELE（最新）\油车\软件\计时器5.1\TIMER(RTOS) (2)\TIMER(RTOS)\Timer_master1.2\Project\Timer_master_project.uvprojx
Project File Date:  11/24/2023

<h2>Output:</h2>
*** Using Compiler 'V5.06 update 4 (build 422)', folder: 'C:\Keil_v5\ARM\ARMCC\Bin'
Rebuild target 'Target 1'
assembling startup_stm32f10x_md.s...
compiling stm32f10x_crc.c...
compiling stm32f10x_adc.c...
compiling stm32f10x_exti.c...
compiling stm32f10x_dac.c...
compiling stm32f10x_bkp.c...
compiling stm32f10x_dma.c...
compiling misc.c...
compiling stm32f10x_cec.c...
compiling stm32f10x_dbgmcu.c...
compiling stm32f10x_can.c...
compiling stm32f10x_flash.c...
compiling stm32f10x_fsmc.c...
compiling stm32f10x_gpio.c...
compiling stm32f10x_i2c.c...
compiling stm32f10x_pwr.c...
compiling stm32f10x_iwdg.c...
compiling stm32f10x_rtc.c...
compiling stm32f10x_spi.c...
compiling stm32f10x_rcc.c...
compiling stm32f10x_sdio.c...
compiling stm32f10x_usart.c...
compiling core_cm3.c...
compiling stm32f10x_wwdg.c...
compiling stm32f10x_tim.c...
compiling system_stm32f10x.c...
compiling stm32f10x_it.c...
compiling bsp_usart.c...
compiling bsp_delay.c...
compiling bsp_timer.c...
compiling bsp_exti.c...
compiling main.c...
..\User\main.c(110): warning:  #177-D: variable "CPU_Task_Handle"  was declared but never referenced
  static TaskHandle_t CPU_Task_Handle = NULL;
..\User\main.c(163): warning:  #177-D: function "CPU_Task"  was declared but never referenced
  static void CPU_Task(void* pvParameters);                                        /* CPU_Task任务实现 */
..\User\main.c: 2 warnings, 0 errors
compiling bsp_key.c...
compiling bsp_button.c...
compiling bsp_interface.c...
compiling bsp_spi.c...
compiling ili9486.c...
compiling GT30l32S4W.c...
compiling bsp_iwdg.c...
compiling as32-100-c.c...
compiling bsp_beep.c...
compiling croutine.c...
compiling DP_Print_lib.c...
compiling event_groups.c...
compiling list.c...
compiling queue.c...
compiling timers.c...
compiling tasks.c...
compiling port.c...
compiling heap_4.c...
linking...
Program Size: Code=28568 RO-data=268 RW-data=256 ZI-data=19488  
FromELF: creating hex file...
".\Objects\Timer_master_project.axf" - 0 Error(s), 2 Warning(s).

<h2>Software Packages used:</h2>

Package Vendor: Keil
                http://www.keil.com/pack/Keil.STM32F1xx_DFP.2.1.0.pack
                Keil.STM32F1xx_DFP.2.1.0
                STMicroelectronics STM32F1 Series Device Support, Drivers and Examples

<h2>Collection of Component include folders:</h2>
  C:/Keil_v5/ARM/PACK/Keil/STM32F1xx_DFP/2.1.0/Device/Include

<h2>Collection of Component Files used:</h2>
Build Time Elapsed:  00:00:02
</pre>
</body>
</html>
